
  +--------------------------------------------------------------+
  |                                                              |
  |          B A N C O   X Y Z   -   M I G R A C I O N           |
  |               de procesos batch legacy a Spring Batch        |
  |                                                              |
  +--------------------------------------------------------------+
  Spring Boot  (v3.5.16)
  Desarrollo Backend III (PBY2203) :: Duoc UC


01:58:12 INFO  Starting BancoXyzBatchApplication v1.0.0 using Java 21.0.11 with PID 45679 (/Users/diegocarvajalarias/Desktop/Cursos/Duoc/17-Desarrollo Backend III/Semana 01/banco-xyz-batch/target/banco-xyz-batch-1.0.0.jar started by diegocarvajalarias in /Users/diegocarvajalarias/Desktop/Cursos/Duoc/17-Desarrollo Backend III/Semana 01/banco-xyz-batch)
01:58:12 INFO  No active profile set, falling back to 1 default profile: "default"
01:58:13 INFO  Bootstrapping Spring Data JPA repositories in DEFAULT mode.
01:58:13 INFO  Finished Spring Data repository scanning in 21 ms. Found 6 JPA repository interfaces.
01:58:13 INFO  HikariPool-1 - Starting...
01:58:13 INFO  HikariPool-1 - Added connection org.postgresql.jdbc.PgConnection@3078cac
01:58:13 INFO  HikariPool-1 - Start completed.
01:58:13 INFO  No LoadTimeWeaver setup: ignoring JPA class transformer
01:58:14 INFO  Initialized JPA EntityManagerFactory for persistence unit 'default'
01:58:14 INFO  Started BancoXyzBatchApplication in 1.825 seconds (process running for 2.008)
01:58:14 INFO  
01:58:14 INFO  ========================================================================================================
01:58:14 INFO    BANCO XYZ | MIGRACION BATCH -> reporteTransaccionesDiariasJob
01:58:14 INFO    Parametros: carpetaEntrada=data/semana_1, carpetaSalida=salida, ejecucion=2026-08-17T01:58:14.427738
01:58:14 INFO  ========================================================================================================
01:58:14 INFO  Executing step: [procesarTransaccionesStep]
01:58:14 INFO  Step: [procesarTransaccionesStep] executed in 58ms
01:58:14 INFO  Executing step: [generarResumenDiarioStep]
01:58:14 INFO  Archivo de salida generado: salida/reporte_transacciones_diarias.csv
01:58:14 INFO  Reporte diario compilado: 8 dias, 10 transacciones, 4 anomalias
01:58:14 INFO  Step: [generarResumenDiarioStep] executed in 59ms
01:58:14 INFO  Executing step: [exportarRechazadosStep]
01:58:14 INFO  Bitacora de rechazos exportada: 0 registros en salida/rechazados_reporteTransaccionesDiarias.csv
01:58:14 INFO  Step: [exportarRechazadosStep] executed in 5ms
01:58:14 INFO  
01:58:14 INFO  ========================================================================================================
01:58:14 INFO    RESUMEN DE EJECUCION -> reporteTransaccionesDiariasJob
01:58:14 INFO    jobExecutionId=1  estado=COMPLETED  duracion=263 ms
01:58:14 INFO  --------------------------------------------------------------------------------------------------------
01:58:14 INFO    STEP                                 LEIDOS  ESCRITOS  OMITIDOS  FILTRADOS  ROLLBACKS  ESTADO
01:58:14 INFO    procesarTransaccionesStep                10        10         0          0          0  COMPLETED
01:58:14 INFO    generarResumenDiarioStep                  0         8         0          0          0  COMPLETED
01:58:14 INFO    exportarRechazadosStep                    0         0         0          0          0  COMPLETED
01:58:14 INFO  --------------------------------------------------------------------------------------------------------
01:58:14 INFO    Bitacora de rechazos: 0 registros (omitidos por excepcion=0, filtrados por duplicado=0)
01:58:14 INFO  ========================================================================================================
01:58:14 INFO  
01:58:14 INFO  Job 'reporteTransaccionesDiariasJob' finalizado con estado COMPLETED
01:58:14 INFO  Closing JPA EntityManagerFactory for persistence unit 'default'
01:58:14 INFO  HikariPool-1 - Shutdown initiated...
01:58:14 INFO  HikariPool-1 - Shutdown completed.
