
  +--------------------------------------------------------------+
  |                                                              |
  |          B A N C O   X Y Z   -   M I G R A C I O N           |
  |               de procesos batch legacy a Spring Batch        |
  |                                                              |
  +--------------------------------------------------------------+
  Spring Boot  (v3.5.16)
  Desarrollo Backend III (PBY2203) :: Duoc UC


01:58:15 INFO  Starting BancoXyzBatchApplication v1.0.0 using Java 21.0.11 with PID 45725 (/Users/diegocarvajalarias/Desktop/Cursos/Duoc/17-Desarrollo Backend III/Semana 01/banco-xyz-batch/target/banco-xyz-batch-1.0.0.jar started by diegocarvajalarias in /Users/diegocarvajalarias/Desktop/Cursos/Duoc/17-Desarrollo Backend III/Semana 01/banco-xyz-batch)
01:58:15 INFO  No active profile set, falling back to 1 default profile: "default"
01:58:15 INFO  Bootstrapping Spring Data JPA repositories in DEFAULT mode.
01:58:15 INFO  Finished Spring Data repository scanning in 19 ms. Found 6 JPA repository interfaces.
01:58:15 INFO  HikariPool-1 - Starting...
01:58:15 INFO  HikariPool-1 - Added connection org.postgresql.jdbc.PgConnection@43d9f1a2
01:58:15 INFO  HikariPool-1 - Start completed.
01:58:15 INFO  No LoadTimeWeaver setup: ignoring JPA class transformer
01:58:16 INFO  Initialized JPA EntityManagerFactory for persistence unit 'default'
01:58:16 INFO  Started BancoXyzBatchApplication in 1.354 seconds (process running for 1.525)
01:58:16 INFO  
01:58:16 INFO  ========================================================================================================
01:58:16 INFO    BANCO XYZ | MIGRACION BATCH -> calculoInteresesMensualesJob
01:58:16 INFO    Parametros: carpetaEntrada=data/semana_1, carpetaSalida=salida, ejecucion=2026-08-17T01:58:16.306348
01:58:16 INFO  ========================================================================================================
01:58:16 INFO  Executing step: [procesarInteresesStep]
01:58:16 INFO  Step: [procesarInteresesStep] executed in 67ms
01:58:16 INFO  Executing step: [generarResumenInteresesStep]
01:58:16 INFO  Archivo de salida generado: salida/intereses_mensuales.csv
01:58:16 INFO  Interes liquidado: 8 cuentas, total 698.00
01:58:16 INFO     - ahorro: 4 cuentas, interes 110.00
01:58:16 INFO     - prestamo: 3 cuentas, interes 525.00
01:58:16 INFO     - hipoteca: 1 cuentas, interes 63.00
01:58:16 INFO  Step: [generarResumenInteresesStep] executed in 63ms
01:58:16 INFO  Executing step: [exportarRechazadosStep]
01:58:16 INFO  Bitacora de rechazos exportada: 0 registros en salida/rechazados_calculoInteresesMensuales.csv
01:58:16 INFO  Step: [exportarRechazadosStep] executed in 12ms
01:58:16 INFO  
01:58:16 INFO  ========================================================================================================
01:58:16 INFO    RESUMEN DE EJECUCION -> calculoInteresesMensualesJob
01:58:16 INFO    jobExecutionId=2  estado=COMPLETED  duracion=224 ms
01:58:16 INFO  --------------------------------------------------------------------------------------------------------
01:58:16 INFO    STEP                                 LEIDOS  ESCRITOS  OMITIDOS  FILTRADOS  ROLLBACKS  ESTADO
01:58:16 INFO    procesarInteresesStep                     8         8         0          0          0  COMPLETED
01:58:16 INFO    generarResumenInteresesStep               0         8         0          0          0  COMPLETED
01:58:16 INFO    exportarRechazadosStep                    0         0         0          0          0  COMPLETED
01:58:16 INFO  --------------------------------------------------------------------------------------------------------
01:58:16 INFO    Bitacora de rechazos: 0 registros (omitidos por excepcion=0, filtrados por duplicado=0)
01:58:16 INFO  ========================================================================================================
01:58:16 INFO  
01:58:16 INFO  Job 'calculoInteresesMensualesJob' finalizado con estado COMPLETED
01:58:16 INFO  Closing JPA EntityManagerFactory for persistence unit 'default'
01:58:16 INFO  HikariPool-1 - Shutdown initiated...
01:58:16 INFO  HikariPool-1 - Shutdown completed.
