
  +--------------------------------------------------------------+
  |                                                              |
  |          B A N C O   X Y Z   -   M I G R A C I O N           |
  |               de procesos batch legacy a Spring Batch        |
  |                                                              |
  +--------------------------------------------------------------+
  Spring Boot  (v3.5.16)
  Desarrollo Backend III (PBY2203) :: Duoc UC


01:58:16 INFO  Starting BancoXyzBatchApplication v1.0.0 using Java 21.0.11 with PID 45731 (/Users/diegocarvajalarias/Desktop/Cursos/Duoc/17-Desarrollo Backend III/Semana 01/banco-xyz-batch/target/banco-xyz-batch-1.0.0.jar started by diegocarvajalarias in /Users/diegocarvajalarias/Desktop/Cursos/Duoc/17-Desarrollo Backend III/Semana 01/banco-xyz-batch)
01:58:16 INFO  No active profile set, falling back to 1 default profile: "default"
01:58:17 INFO  Bootstrapping Spring Data JPA repositories in DEFAULT mode.
01:58:17 INFO  Finished Spring Data repository scanning in 19 ms. Found 6 JPA repository interfaces.
01:58:17 INFO  HikariPool-1 - Starting...
01:58:17 INFO  HikariPool-1 - Added connection org.postgresql.jdbc.PgConnection@43d9f1a2
01:58:17 INFO  HikariPool-1 - Start completed.
01:58:17 INFO  No LoadTimeWeaver setup: ignoring JPA class transformer
01:58:17 INFO  Initialized JPA EntityManagerFactory for persistence unit 'default'
01:58:18 INFO  Started BancoXyzBatchApplication in 1.336 seconds (process running for 1.507)
01:58:18 INFO  
01:58:18 INFO  ========================================================================================================
01:58:18 INFO    BANCO XYZ | MIGRACION BATCH -> estadosCuentaAnualesJob
01:58:18 INFO    Parametros: carpetaEntrada=data/semana_1, carpetaSalida=salida, ejecucion=2026-08-17T01:58:18.117585
01:58:18 INFO  ========================================================================================================
01:58:18 INFO  Executing step: [procesarMovimientosAnualesStep]
01:58:18 INFO  Step: [procesarMovimientosAnualesStep] executed in 70ms
01:58:18 INFO  Executing step: [compilarEstadosCuentaStep]
01:58:18 INFO  Archivo de salida generado: salida/estados_cuenta_anuales.csv
01:58:18 INFO  Estados de cuenta compilados: 8 combinaciones cuenta/ano, 9 movimientos
01:58:18 INFO  Step: [compilarEstadosCuentaStep] executed in 61ms
01:58:18 INFO  Executing step: [exportarRechazadosStep]
01:58:18 INFO  Bitacora de rechazos exportada: 0 registros en salida/rechazados_estadosCuentaAnuales.csv
01:58:18 INFO  Step: [exportarRechazadosStep] executed in 5ms
01:58:18 INFO  
01:58:18 INFO  ========================================================================================================
01:58:18 INFO    RESUMEN DE EJECUCION -> estadosCuentaAnualesJob
01:58:18 INFO    jobExecutionId=3  estado=COMPLETED  duracion=255 ms
01:58:18 INFO  --------------------------------------------------------------------------------------------------------
01:58:18 INFO    STEP                                 LEIDOS  ESCRITOS  OMITIDOS  FILTRADOS  ROLLBACKS  ESTADO
01:58:18 INFO    procesarMovimientosAnualesStep            9         9         0          0          0  COMPLETED
01:58:18 INFO    compilarEstadosCuentaStep                 0         8         0          0          0  COMPLETED
01:58:18 INFO    exportarRechazadosStep                    0         0         0          0          0  COMPLETED
01:58:18 INFO  --------------------------------------------------------------------------------------------------------
01:58:18 INFO    Bitacora de rechazos: 0 registros (omitidos por excepcion=0, filtrados por duplicado=0)
01:58:18 INFO  ========================================================================================================
01:58:18 INFO  
01:58:18 INFO  Job 'estadosCuentaAnualesJob' finalizado con estado COMPLETED
01:58:18 INFO  Closing JPA EntityManagerFactory for persistence unit 'default'
01:58:18 INFO  HikariPool-1 - Shutdown initiated...
01:58:18 INFO  HikariPool-1 - Shutdown completed.
